// Jest Snapshot v1, https://goo.gl/fbAQLP

exports[`should render Rows correctly 1`] = `
<div>
  <button
    className="nrow"
  >
    2
  </button>
  <button
    className="nrow"
  >
    3
  </button>
  <button
    className="nrow"
  >
    5
  </button>
  <button
    className="nrow"
  >
    7
  </button>
  <button
    className="nrow"
  >
    11
  </button>
</div>
`;
