// Jest Snapshot v1, https://goo.gl/fbAQLP

exports[`should render Table correctly 1`] = `
<div
  className="prime-table"
>
  <Row
    className="odd-row border-bottom"
    rList={
      Array [
        "",
        2,
        3,
        5,
        7,
        11,
      ]
    }
  />
  <div>
    <Row
      className="even-row"
      rList={
        Array [
          2,
          4,
          6,
          10,
          14,
          22,
        ]
      }
    />
    <Row
      className="odd-row"
      rList={
        Array [
          3,
          6,
          9,
          15,
          21,
          33,
        ]
      }
    />
    <Row
      className="even-row"
      rList={
        Array [
          5,
          10,
          15,
          25,
          35,
          55,
        ]
      }
    />
    <Row
      className="odd-row"
      rList={
        Array [
          7,
          14,
          21,
          35,
          49,
          77,
        ]
      }
    />
    <Row
      className="even-row"
      rList={
        Array [
          11,
          22,
          33,
          55,
          77,
          121,
        ]
      }
    />
  </div>
</div>
`;
